# serializer version: 1
# name: test_to_html_execute_code
  '''
  
  <style>
  
  details.edabot-cell-run {
    /*background-color: #fbebfc;*/
    border: 2px solid #fbebfc;
    border-radius: 2px;
    & summary {
      cursor: pointer;
      padding: 10px;
      background-color: #fbebfc;
    }
  }
  
  .edabot-cell-run {
    pre {
      background-color: #f9f9f9;
      padding: 5px;
      max-height: 300px;
      overflow: scroll;
    }
  
    & .edabot-cell-run__section {
      padding: 5px;
    }
  }
  
  </style>
  <details class="edabot-cell-run">
      <summary>Execute Code</summary>
      <div class="edabot-cell-run__code edabot-cell-run__section">
        <h3>Code</h3>
        <pre>print('hey')
  1</pre>
      </div>
      <div class="edabot-cell-run__outputs edabot-cell-run__section">
        <h3>Outputs</h3>
        <pre>hey
  Out[1]: 1
  
  
  </pre>
      </div>
      <div class="edabot-cell-run__display edabot-cell-run__section">
        <h3>Display</h3>
        <div class="display-results"></div>
      </div>
  </details>
      
  '''
# ---
